Archive member included to satisfy reference by file (symbol)

c:/program files (x86)/atmel/studio/7.0/toolchain/avr8/avr8-gnu-toolchain/bin/../lib/gcc/avr/5.4.0/avr51\libgcc.a(_divmodhi4.o)
                              main.o (__divmodhi4)
c:/program files (x86)/atmel/studio/7.0/toolchain/avr8/avr8-gnu-toolchain/bin/../lib/gcc/avr/5.4.0/avr51\libgcc.a(_udivmodsi4.o)
                              main.o (__udivmodsi4)
c:/program files (x86)/atmel/studio/7.0/toolchain/avr8/avr8-gnu-toolchain/bin/../lib/gcc/avr/5.4.0/avr51\libgcc.a(_divmodsi4.o)
                              main.o (__divmodsi4)
c:/program files (x86)/atmel/studio/7.0/toolchain/avr8/avr8-gnu-toolchain/bin/../lib/gcc/avr/5.4.0/avr51\libgcc.a(_negsi2.o)
                              c:/program files (x86)/atmel/studio/7.0/toolchain/avr8/avr8-gnu-toolchain/bin/../lib/gcc/avr/5.4.0/avr51\libgcc.a(_divmodsi4.o) (__negsi2)
c:/program files (x86)/atmel/studio/7.0/toolchain/avr8/avr8-gnu-toolchain/bin/../lib/gcc/avr/5.4.0/avr51\libgcc.a(_exit.o)
                              C:/Program Files (x86)/Atmel/Studio/7.0/Packs/atmel/ATmega_DFP/1.1.130/gcc/dev/at90can128/avr51/crtat90can128.o (exit)
c:/program files (x86)/atmel/studio/7.0/toolchain/avr8/avr8-gnu-toolchain/bin/../lib/gcc/avr/5.4.0/avr51\libgcc.a(_tablejump2.o)
                              main.o (__tablejump2__)
c:/program files (x86)/atmel/studio/7.0/toolchain/avr8/avr8-gnu-toolchain/bin/../lib/gcc/avr/5.4.0/avr51\libgcc.a(_copy_data.o)
                              main.o (__do_copy_data)
c:/program files (x86)/atmel/studio/7.0/toolchain/avr8/avr8-gnu-toolchain/bin/../lib/gcc/avr/5.4.0/avr51\libgcc.a(_clear_bss.o)
                              main.o (__do_clear_bss)
c:/program files (x86)/atmel/studio/7.0/toolchain/avr8/avr8-gnu-toolchain/bin/../lib/gcc/avr/5.4.0/avr51\libgcc.a(_ctors.o)
                              main.o (__do_global_ctors)
c:/program files (x86)/atmel/studio/7.0/toolchain/avr8/avr8-gnu-toolchain/bin/../lib/gcc/avr/5.4.0/avr51\libgcc.a(_umulhisi3.o)
                              main.o (__umulhisi3)
c:/program files (x86)/atmel/studio/7.0/toolchain/avr8/avr8-gnu-toolchain/bin/../lib/gcc/avr/5.4.0/avr51\libgcc.a(_udivmodhi4.o)
                              c:/program files (x86)/atmel/studio/7.0/toolchain/avr8/avr8-gnu-toolchain/bin/../lib/gcc/avr/5.4.0/avr51\libgcc.a(_divmodhi4.o) (__udivmodhi4)

Discarded input sections

 .data          0x00000000        0x0 C:/Program Files (x86)/Atmel/Studio/7.0/Packs/atmel/ATmega_DFP/1.1.130/gcc/dev/at90can128/avr51/crtat90can128.o
 .bss           0x00000000        0x0 C:/Program Files (x86)/Atmel/Studio/7.0/Packs/atmel/ATmega_DFP/1.1.130/gcc/dev/at90can128/avr51/crtat90can128.o
 .text          0x00000000        0x0 main.o
 .data          0x00000000        0x0 main.o
 .bss           0x00000000        0x0 main.o
 .text.uart_test_hit
                0x00000000        0xc main.o
 .text.uart_getchar
                0x00000000       0x10 main.o
 .text.uart_put_string
                0x00000000       0x1e main.o
 .text.uart_mini_printf
                0x00000000      0x528 main.o
 .progmem.gcc_sw_table.uart_mini_printf
                0x00000000      0x124 main.o
 .text.timer16_get_counter
                0x00000000        0xe main.o
 .text.timer16_get_capture
                0x00000000        0xe main.o
 .text.timer8_get_counter
                0x00000000        0x6 main.o
 .text.millis_init
                0x00000000       0x1e main.o
 .text.millis_get
                0x00000000       0x18 main.o
 .text.millis_resume
                0x00000000        0xc main.o
 .text.millis_pause
                0x00000000        0xc main.o
 .text.millis_reset
                0x00000000       0x18 main.o
 .text.millis_add
                0x00000000       0x44 main.o
 .text.millis_subtract
                0x00000000       0x54 main.o
 .text.can_get_mob_status
                0x00000000       0x30 main.o
 .text.can_get_status
                0x00000000      0x16a main.o
 .text.can_auto_baudrate
                0x00000000      0x3f6 main.o
 .bss.id        0x00000000        0x4 main.o
 .data.txt_small_logo_atmel
                0x00000000       0x29 main.o
 .data.txt_logo_atmel
                0x00000000      0x1b0 main.o
 .group         0x00000000        0x8 XBee.o
 .group         0x00000000        0x8 XBee.o
 .group         0x00000000        0x8 XBee.o
 .group         0x00000000        0x8 XBee.o
 .group         0x00000000        0x8 XBee.o
 .group         0x00000000        0x8 XBee.o
 .group         0x00000000        0x8 XBee.o
 .group         0x00000000        0x8 XBee.o
 .group         0x00000000        0x8 XBee.o
 .group         0x00000000        0x8 XBee.o
 .group         0x00000000        0x8 XBee.o
 .group         0x00000000        0x8 XBee.o
 .group         0x00000000        0x8 XBee.o
 .group         0x00000000        0x8 XBee.o
 .group         0x00000000        0x8 XBee.o
 .group         0x00000000        0x8 XBee.o
 .group         0x00000000        0x8 XBee.o
 .group         0x00000000        0x8 XBee.o
 .text          0x00000000        0x0 XBee.o
 .data          0x00000000        0x0 XBee.o
 .bss           0x00000000        0x0 XBee.o
 .text._ZN12ZBRxResponse13getDataOffsetEv
                0x00000000        0x4 XBee.o
 .text._ZN20ZBExplicitRxResponse13getDataOffsetEv
                0x00000000        0x4 XBee.o
 .text._ZN20Rx16IoSampleResponse13getRssiOffsetEv
                0x00000000        0x4 XBee.o
 .text._ZN20Rx64IoSampleResponse13getRssiOffsetEv
                0x00000000        0x4 XBee.o
 .text._ZN10RxResponse13getDataOffsetEv
                0x00000000       0x12 XBee.o
 .text._ZN12Rx16Response13getRssiOffsetEv
                0x00000000        0x4 XBee.o
 .text._ZN12Rx64Response13getRssiOffsetEv
                0x00000000        0x4 XBee.o
 .text._ZN16AtCommandRequest12getFrameDataEh
                0x00000000       0x38 XBee.o
 .text._ZN16AtCommandRequest18getFrameDataLengthEv
                0x00000000        0x8 XBee.o
 .text._ZN22RemoteAtCommandRequest18getFrameDataLengthEv
                0x00000000        0x8 XBee.o
 .text._ZN22RemoteAtCommandRequest12getFrameDataEh
                0x00000000       0xba XBee.o
 .text._ZN11Tx64Request18getFrameDataLengthEv
                0x00000000        0x8 XBee.o
 .text._ZN11Tx16Request18getFrameDataLengthEv
                0x00000000        0x8 XBee.o
 .text._ZN19ZBExplicitTxRequest18getFrameDataLengthEv
                0x00000000        0x8 XBee.o
 .text._ZN11Tx64Request12getFrameDataEh
                0x00000000       0x78 XBee.o
 .text._ZN11Tx16Request12getFrameDataEh
                0x00000000       0x36 XBee.o
 .text._ZN19ZBExplicitTxRequest12getFrameDataEh
                0x00000000       0x76 XBee.o
 .text._ZN10RxResponse13getDataLengthEv
                0x00000000       0x20 XBee.o
 .text._ZN20ZBExplicitRxResponse13getDataLengthEv
                0x00000000       0x20 XBee.o
 .text._ZN12ZBRxResponse13getDataLengthEv
                0x00000000       0x20 XBee.o
 .text._ZN12XBeeResponseC2Ev
                0x00000000        0x2 XBee.o
 .text._ZN12XBeeResponse8getApiIdEv
                0x00000000        0x6 XBee.o
 .text._ZN12XBeeResponse8setApiIdEh
                0x00000000        0x6 XBee.o
 .text._ZN12XBeeResponse12getMsbLengthEv
                0x00000000        0x6 XBee.o
 .text._ZN12XBeeResponse12setMsbLengthEh
                0x00000000        0x6 XBee.o
 .text._ZN12XBeeResponse12getLsbLengthEv
                0x00000000        0x6 XBee.o
 .text._ZN12XBeeResponse12setLsbLengthEh
                0x00000000        0x6 XBee.o
 .text._ZN12XBeeResponse11getChecksumEv
                0x00000000        0x6 XBee.o
 .text._ZN12XBeeResponse11setChecksumEh
                0x00000000        0x6 XBee.o
 .text._ZN12XBeeResponse18getFrameDataLengthEv
                0x00000000        0x6 XBee.o
 .text._ZN12XBeeResponse14setFrameLengthEh
                0x00000000        0x6 XBee.o
 .text._ZN12XBeeResponse11isAvailableEv
                0x00000000        0x6 XBee.o
 .text._ZN12XBeeResponse12setAvailableEb
                0x00000000        0x6 XBee.o
 .text._ZN12XBeeResponse7isErrorEv
                0x00000000       0x10 XBee.o
 .text._ZN12XBeeResponse12getErrorCodeEv
                0x00000000        0x6 XBee.o
 .text._ZN12XBeeResponse12setErrorCodeEh
                0x00000000        0x6 XBee.o
 .text._ZN12XBeeResponse9setCommonERS_
                0x00000000       0x3c XBee.o
 .text._ZN18ZBTxStatusResponseC2Ev
                0x00000000        0x2 XBee.o
 .text._ZN18ZBTxStatusResponse16getRemoteAddressEv
                0x00000000       0x16 XBee.o
 .text._ZN18ZBTxStatusResponse15getTxRetryCountEv
                0x00000000        0xa XBee.o
 .text._ZN18ZBTxStatusResponse17getDeliveryStatusEv
                0x00000000        0xa XBee.o
 .text._ZN18ZBTxStatusResponse18getDiscoveryStatusEv
                0x00000000        0xa XBee.o
 .text._ZN18ZBTxStatusResponse9isSuccessEv
                0x00000000       0x10 XBee.o
 .text._ZN12XBeeResponse21getZBTxStatusResponseERS_
                0x00000000       0x12 XBee.o
 .text._ZN12ZBRxResponseC2Ev
                0x00000000       0x1c XBee.o
 .text._ZN12ZBRxResponse18getRemoteAddress16Ev
                0x00000000       0x1a XBee.o
 .text._ZN12ZBRxResponse9getOptionEv
                0x00000000        0xe XBee.o
 .text._ZN12ZBRxResponse18getRemoteAddress64Ev
                0x00000000        0x4 XBee.o
 .text._ZN12XBeeResponse15getZBRxResponseERS_
                0x00000000       0xc6 XBee.o
 .text._ZN20ZBExplicitRxResponseC2Ev
                0x00000000       0x18 XBee.o
 .text._ZN20ZBExplicitRxResponse14getSrcEndpointEv
                0x00000000        0xe XBee.o
 .text._ZN20ZBExplicitRxResponse14getDstEndpointEv
                0x00000000        0xe XBee.o
 .text._ZN20ZBExplicitRxResponse12getClusterIdEv
                0x00000000       0x18 XBee.o
 .text._ZN20ZBExplicitRxResponse12getProfileIdEv
                0x00000000       0x18 XBee.o
 .text._ZN20ZBExplicitRxResponse9getOptionEv
                0x00000000        0xe XBee.o
 .text._ZN12XBeeResponse23getZBExplicitRxResponseERS_
                0x00000000        0x6 XBee.o
 .text._ZN20ZBRxIoSampleResponseC2Ev
                0x00000000       0x18 XBee.o
 .text._ZN20ZBRxIoSampleResponse17getDigitalMaskMsbEv
                0x00000000       0x10 XBee.o
 .text._ZN20ZBRxIoSampleResponse17getDigitalMaskLsbEv
                0x00000000        0xe XBee.o
 .text._ZN20ZBRxIoSampleResponse13getAnalogMaskEv
                0x00000000       0x10 XBee.o
 .text._ZN20ZBRxIoSampleResponse14containsAnalogEv
                0x00000000       0x16 XBee.o
 .text._ZN20ZBRxIoSampleResponse15containsDigitalEv
                0x00000000       0x20 XBee.o
 .text._ZN20ZBRxIoSampleResponse15isAnalogEnabledEh
                0x00000000       0x1e XBee.o
 .text._ZN20ZBRxIoSampleResponse16isDigitalEnabledEh
                0x00000000       0x40 XBee.o
 .text._ZN20ZBRxIoSampleResponse9getAnalogEh
                0x00000000       0x7c XBee.o
 .text._ZN20ZBRxIoSampleResponse11isDigitalOnEh
                0x00000000       0x3e XBee.o
 .text._ZN12XBeeResponse23getZBRxIoSampleResponseERS_
                0x00000000       0xc6 XBee.o
 .text._ZN10RxResponseC2Ev
                0x00000000        0xc XBee.o
 .text._ZN12Rx16Response18getRemoteAddress16Ev
                0x00000000       0x1a XBee.o
 .text._ZN12Rx64Response18getRemoteAddress64Ev
                0x00000000        0x4 XBee.o
 .text._ZN12Rx64ResponseC2Ev
                0x00000000       0x1c XBee.o
 .text._ZN12Rx16ResponseC2Ev
                0x00000000        0xc XBee.o
 .text._ZN22RxIoSampleBaseResponseC2Ev
                0x00000000        0xc XBee.o
 .text._ZN22RxIoSampleBaseResponse15getSampleOffsetEv
                0x00000000       0x12 XBee.o
 .text._ZN22RxIoSampleBaseResponse13getSampleSizeEv
                0x00000000       0x1a XBee.o
 .text._ZN22RxIoSampleBaseResponse14containsAnalogEv
                0x00000000       0x22 XBee.o
 .text._ZN22RxIoSampleBaseResponse15containsDigitalEv
                0x00000000       0x46 XBee.o
 .text._ZN22RxIoSampleBaseResponse15isAnalogEnabledEh
                0x00000000       0x32 XBee.o
 .text._ZN22RxIoSampleBaseResponse16isDigitalEnabledEh
                0x00000000       0x4c XBee.o
 .text._ZN22RxIoSampleBaseResponse14getSampleStartEh
                0x00000000       0x4e XBee.o
 .text._ZN22RxIoSampleBaseResponse9getAnalogEhh
                0x00000000       0x78 XBee.o
 .text._ZN22RxIoSampleBaseResponse11isDigitalOnEhh
                0x00000000       0x50 XBee.o
 .text._ZN20Rx16IoSampleResponseC2Ev
                0x00000000        0xc XBee.o
 .text._ZN20Rx16IoSampleResponse18getRemoteAddress16Ev
                0x00000000       0x1a XBee.o
 .text._ZN12XBeeResponse23getRx16IoSampleResponseERS_
                0x00000000       0x12 XBee.o
 .text._ZN20Rx64IoSampleResponseC2Ev
                0x00000000       0x1c XBee.o
 .text._ZN20Rx64IoSampleResponse18getRemoteAddress64Ev
                0x00000000        0x4 XBee.o
 .text._ZN12XBeeResponse23getRx64IoSampleResponseERS_
                0x00000000       0xc6 XBee.o
 .text._ZN16TxStatusResponseC2Ev
                0x00000000        0x2 XBee.o
 .text._ZN16TxStatusResponse9getStatusEv
                0x00000000        0xa XBee.o
 .text._ZN16TxStatusResponse9isSuccessEv
                0x00000000       0x10 XBee.o
 .text._ZN12XBeeResponse19getTxStatusResponseERS_
                0x00000000       0x12 XBee.o
 .text._ZN10RxResponse7getRssiEv
                0x00000000       0x26 XBee.o
 .text._ZN10RxResponse9getOptionEv
                0x00000000       0x26 XBee.o
 .text._ZN10RxResponse18isAddressBroadcastEv
                0x00000000        0xa XBee.o
 .text._ZN10RxResponse14isPanBroadcastEv
                0x00000000        0xc XBee.o
 .text._ZN12XBeeResponse15getRx16ResponseERS_
                0x00000000       0x12 XBee.o
 .text._ZN12XBeeResponse15getRx64ResponseERS_
                0x00000000       0xc6 XBee.o
 .text._ZN23RemoteAtCommandResponseC2Ev
                0x00000000       0x14 XBee.o
 .text._ZN23RemoteAtCommandResponse10getCommandEv
                0x00000000        0xa XBee.o
 .text._ZN23RemoteAtCommandResponse9getStatusEv
                0x00000000        0xa XBee.o
 .text._ZN23RemoteAtCommandResponse4isOkEv
                0x00000000       0x10 XBee.o
 .text._ZN23RemoteAtCommandResponse14getValueLengthEv
                0x00000000        0x8 XBee.o
 .text._ZN23RemoteAtCommandResponse8getValueEv
                0x00000000       0x16 XBee.o
 .text._ZN23RemoteAtCommandResponse18getRemoteAddress16Ev
                0x00000000       0x16 XBee.o
 .text._ZN23RemoteAtCommandResponse18getRemoteAddress64Ev
                0x00000000        0x4 XBee.o
 .text._ZN12XBeeResponse26getRemoteAtCommandResponseERS_
                0x00000000       0xc6 XBee.o
 .text._ZN14RxDataResponseC2Ev
                0x00000000        0xc XBee.o
 .text._ZN14RxDataResponse7getDataEi
                0x00000000       0x34 XBee.o
 .text._ZN14RxDataResponse7getDataEv
                0x00000000       0x28 XBee.o
 .text._ZN15FrameIdResponseC2Ev
                0x00000000        0x2 XBee.o
 .text._ZN15FrameIdResponse10getFrameIdEv
                0x00000000        0xa XBee.o
 .text._ZN19ModemStatusResponseC2Ev
                0x00000000        0x2 XBee.o
 .text._ZN19ModemStatusResponse9getStatusEv
                0x00000000        0xa XBee.o
 .text._ZN12XBeeResponse22getModemStatusResponseERS_
                0x00000000       0x12 XBee.o
 .text._ZN17AtCommandResponseC2Ev
                0x00000000        0x2 XBee.o
 .text._ZN17AtCommandResponse10getCommandEv
                0x00000000        0xa XBee.o
 .text._ZN17AtCommandResponse9getStatusEv
                0x00000000        0xa XBee.o
 .text._ZN17AtCommandResponse14getValueLengthEv
                0x00000000        0x8 XBee.o
 .text._ZN17AtCommandResponse8getValueEv
                0x00000000       0x16 XBee.o
 .text._ZN17AtCommandResponse4isOkEv
                0x00000000       0x10 XBee.o
 .text._ZN12XBeeResponse20getAtCommandResponseERS_
                0x00000000       0x12 XBee.o
 .text._ZN12XBeeResponse15getPacketLengthEv
                0x00000000        0x8 XBee.o
 .text._ZN12XBeeResponse12getFrameDataEv
                0x00000000        0x8 XBee.o
 .text._ZN12XBeeResponse12setFrameDataEPh
                0x00000000        0x8 XBee.o
 .text._ZN12XBeeResponse4initEv
                0x00000000        0xa XBee.o
 .text._ZN12XBeeResponse5resetEv
                0x00000000       0x12 XBee.o
 .text._ZN4XBee13resetResponseEv
                0x00000000        0xe XBee.o
 .text._ZN4XBee14getNextFrameIdEv
                0x00000000       0x14 XBee.o
 .text._ZN4XBee4readEv
                0x00000000        0x6 XBee.o
 .text._ZN4XBee5writeEh
                0x00000000        0x8 XBee.o
 .text._ZN4XBee11getResponseEv
                0x00000000        0x2 XBee.o
 .text._ZN4XBee11getResponseER12XBeeResponse
                0x00000000       0x2e XBee.o
 .text._ZN4XBee10readPacketEv
                0x00000000      0x134 XBee.o
 .text._ZN4XBee24readPacketUntilAvailableEv
                0x00000000       0x20 XBee.o
 .text._ZN4XBee10readPacketEi
                0x00000000       0x5a XBee.o
 .text._ZN11XBeeRequestC2Ehh
                0x00000000       0x10 XBee.o
 .text._ZN11XBeeRequest10setFrameIdEh
                0x00000000        0x6 XBee.o
 .text._ZN11XBeeRequest10getFrameIdEv
                0x00000000        0x6 XBee.o
 .text._ZN11XBeeRequest8getApiIdEv
                0x00000000        0x6 XBee.o
 .text._ZN11XBeeRequest8setApiIdEh
                0x00000000        0x6 XBee.o
 .text._ZN14PayloadRequestC2EhhPhh
                0x00000000       0x1a XBee.o
 .text._ZN14PayloadRequest10getPayloadEv
                0x00000000        0x8 XBee.o
 .text._ZN14PayloadRequest10setPayloadEPh
                0x00000000        0x8 XBee.o
 .text._ZN14PayloadRequest16getPayloadLengthEv
                0x00000000        0x6 XBee.o
 .text._ZN14PayloadRequest16setPayloadLengthEh
                0x00000000        0x6 XBee.o
 .text._ZN11ZBTxRequestC2Ev
                0x00000000       0x36 XBee.o
 .text._ZN11ZBTxRequestC2ERK13XBeeAddress64jhhPhhh
                0x00000000       0x5c XBee.o
 .text._ZN11ZBTxRequest12getAddress64Ev
                0x00000000        0x4 XBee.o
 .text._ZN11ZBTxRequest12getAddress16Ev
                0x00000000        0x8 XBee.o
 .text._ZN11ZBTxRequest18getBroadcastRadiusEv
                0x00000000        0x6 XBee.o
 .text._ZN11ZBTxRequest9getOptionEv
                0x00000000        0x6 XBee.o
 .text._ZN11ZBTxRequest12setAddress64ERK13XBeeAddress64
                0x00000000       0x12 XBee.o
 .text._ZN11ZBTxRequest12setAddress16Ej
                0x00000000        0x8 XBee.o
 .text._ZN11ZBTxRequest18setBroadcastRadiusEh
                0x00000000        0x6 XBee.o
 .text._ZN11ZBTxRequest9setOptionEh
                0x00000000        0x6 XBee.o
 .text._ZN19ZBExplicitTxRequestC2Ev
                0x00000000       0x30 XBee.o
 .text._ZN19ZBExplicitTxRequestC2ER13XBeeAddress64jhhPhhhhhjj
                0x00000000       0x58 XBee.o
 .text._ZN19ZBExplicitTxRequestC2ER13XBeeAddress64Phh
                0x00000000       0x30 XBee.o
 .text._ZN19ZBExplicitTxRequest14getSrcEndpointEv
                0x00000000        0x6 XBee.o
 .text._ZN19ZBExplicitTxRequest14getDstEndpointEv
                0x00000000        0x6 XBee.o
 .text._ZN19ZBExplicitTxRequest12getClusterIdEv
                0x00000000        0x8 XBee.o
 .text._ZN19ZBExplicitTxRequest12getProfileIdEv
                0x00000000        0x8 XBee.o
 .text._ZN19ZBExplicitTxRequest14setSrcEndpointEh
                0x00000000        0x6 XBee.o
 .text._ZN19ZBExplicitTxRequest14setDstEndpointEh
                0x00000000        0x6 XBee.o
 .text._ZN19ZBExplicitTxRequest12setClusterIdEj
                0x00000000        0x8 XBee.o
 .text._ZN19ZBExplicitTxRequest12setProfileIdEj
                0x00000000        0x8 XBee.o
 .text._ZN11Tx16RequestC2Ev
                0x00000000       0x1a XBee.o
 .text._ZN11Tx16RequestC2EjhPhhh
                0x00000000       0x26 XBee.o
 .text._ZN11Tx16RequestC2EjPhh
                0x00000000       0x1e XBee.o
 .text._ZN11Tx16Request12getAddress16Ev
                0x00000000        0x8 XBee.o
 .text._ZN11Tx16Request12setAddress16Ej
                0x00000000        0x8 XBee.o
 .text._ZN11Tx16Request9getOptionEv
                0x00000000        0x6 XBee.o
 .text._ZN11Tx16Request9setOptionEh
                0x00000000        0x6 XBee.o
 .text._ZN11Tx64RequestC2Ev
                0x00000000       0x2a XBee.o
 .text._ZN11Tx64RequestC2ER13XBeeAddress64hPhhh
                0x00000000       0x48 XBee.o
 .text._ZN11Tx64RequestC2ER13XBeeAddress64Phh
                0x00000000       0x42 XBee.o
 .text._ZN11Tx64Request12getAddress64Ev
                0x00000000        0x4 XBee.o
 .text._ZN11Tx64Request12setAddress64ER13XBeeAddress64
                0x00000000       0x12 XBee.o
 .text._ZN11Tx64Request9getOptionEv
                0x00000000        0x6 XBee.o
 .text._ZN11Tx64Request9setOptionEh
                0x00000000        0x6 XBee.o
 .text._ZN16AtCommandRequestC2Ev
                0x00000000       0x1e XBee.o
 .text._ZN16AtCommandRequestC2EPhS0_h
                0x00000000       0x1e XBee.o
 .text._ZN16AtCommandRequestC2EPh
                0x00000000       0x1e XBee.o
 .text._ZN16AtCommandRequest10getCommandEv
                0x00000000        0x8 XBee.o
 .text._ZN16AtCommandRequest15getCommandValueEv
                0x00000000        0x8 XBee.o
 .text._ZN16AtCommandRequest21getCommandValueLengthEv
                0x00000000        0x6 XBee.o
 .text._ZN16AtCommandRequest10setCommandEPh
                0x00000000        0x8 XBee.o
 .text._ZN16AtCommandRequest15setCommandValueEPh
                0x00000000        0x8 XBee.o
 .text._ZN16AtCommandRequest21setCommandValueLengthEh
                0x00000000        0x6 XBee.o
 .text._ZN16AtCommandRequest17clearCommandValueEv
                0x00000000        0xa XBee.o
 .text._ZN22RemoteAtCommandRequestC2Ev
                0x00000000       0x34 XBee.o
 .text._ZN22RemoteAtCommandRequestC2EjPhS0_h
                0x00000000       0x46 XBee.o
 .text._ZN22RemoteAtCommandRequestC2EjPh
                0x00000000       0x42 XBee.o
 .text._ZN22RemoteAtCommandRequestC2ER13XBeeAddress64PhS2_h
                0x00000000       0x58 XBee.o
 .text._ZN22RemoteAtCommandRequestC2ER13XBeeAddress64Ph
                0x00000000       0x54 XBee.o
 .text._ZN22RemoteAtCommandRequest18getRemoteAddress16Ev
                0x00000000        0x8 XBee.o
 .text._ZN22RemoteAtCommandRequest18setRemoteAddress16Ej
                0x00000000        0x8 XBee.o
 .text._ZN22RemoteAtCommandRequest18getRemoteAddress64Ev
                0x00000000        0x4 XBee.o
 .text._ZN22RemoteAtCommandRequest18setRemoteAddress64ER13XBeeAddress64
                0x00000000       0x12 XBee.o
 .text._ZN22RemoteAtCommandRequest15getApplyChangesEv
                0x00000000        0x6 XBee.o
 .text._ZN22RemoteAtCommandRequest15setApplyChangesEb
                0x00000000        0x6 XBee.o
 .rodata._ZTV14RxDataResponse
                0x00000000        0x8 XBee.o
 .rodata._ZTV20ZBRxIoSampleResponse
                0x00000000        0x8 XBee.o
 .rodata._ZTV22RxIoSampleBaseResponse
                0x00000000        0xa XBee.o
 .rodata._ZTV11XBeeRequest
                0x00000000        0x8 XBee.o
 .rodata._ZTV14PayloadRequest
                0x00000000        0x8 XBee.o
 .rodata._ZTV12ZBRxResponse
                0x00000000        0x8 XBee.o
 .rodata._ZTV20ZBExplicitRxResponse
                0x00000000        0x8 XBee.o
 .rodata._ZTV20Rx16IoSampleResponse
                0x00000000        0xa XBee.o
 .rodata._ZTV20Rx64IoSampleResponse
                0x00000000        0xa XBee.o
 .rodata._ZTV10RxResponse
                0x00000000        0xa XBee.o
 .rodata._ZTV12Rx16Response
                0x00000000        0xa XBee.o
 .rodata._ZTV12Rx64Response
                0x00000000        0xa XBee.o
 .rodata._ZTV19ZBExplicitTxRequest
                0x00000000        0x8 XBee.o
 .rodata._ZTV11Tx16Request
                0x00000000        0x8 XBee.o
 .rodata._ZTV11Tx64Request
                0x00000000        0x8 XBee.o
 .rodata._ZTV16AtCommandRequest
                0x00000000        0x8 XBee.o
 .rodata._ZTV22RemoteAtCommandRequest
                0x00000000        0x8 XBee.o
 .text          0x00000000        0x0 c:/program files (x86)/atmel/studio/7.0/toolchain/avr8/avr8-gnu-toolchain/bin/../lib/gcc/avr/5.4.0/avr51\libgcc.a(_divmodhi4.o)
 .data          0x00000000        0x0 c:/program files (x86)/atmel/studio/7.0/toolchain/avr8/avr8-gnu-toolchain/bin/../lib/gcc/avr/5.4.0/avr51\libgcc.a(_divmodhi4.o)
 .bss           0x00000000        0x0 c:/program files (x86)/atmel/studio/7.0/toolchain/avr8/avr8-gnu-toolchain/bin/../lib/gcc/avr/5.4.0/avr51\libgcc.a(_divmodhi4.o)
 .text.libgcc.mul
                0x00000000        0x0 c:/program files (x86)/atmel/studio/7.0/toolchain/avr8/avr8-gnu-toolchain/bin/../lib/gcc/avr/5.4.0/avr51\libgcc.a(_divmodhi4.o)
 .text.libgcc.div
                0x00000000       0x28 c:/program files (x86)/atmel/studio/7.0/toolchain/avr8/avr8-gnu-toolchain/bin/../lib/gcc/avr/5.4.0/avr51\libgcc.a(_divmodhi4.o)
 .text.libgcc   0x00000000        0x0 c:/program files (x86)/atmel/studio/7.0/toolchain/avr8/avr8-gnu-toolchain/bin/../lib/gcc/avr/5.4.0/avr51\libgcc.a(_divmodhi4.o)
 .text.libgcc.prologue
                0x00000000        0x0 c:/program files (x86)/atmel/studio/7.0/toolchain/avr8/avr8-gnu-toolchain/bin/../lib/gcc/avr/5.4.0/avr51\libgcc.a(_divmodhi4.o)
 .text.libgcc.builtins
                0x00000000        0x0 c:/program files (x86)/atmel/studio/7.0/toolchain/avr8/avr8-gnu-toolchain/bin/../lib/gcc/avr/5.4.0/avr51\libgcc.a(_divmodhi4.o)
 .text.libgcc.fmul
                0x00000000        0x0 c:/program files (x86)/atmel/studio/7.0/toolchain/avr8/avr8-gnu-toolchain/bin/../lib/gcc/avr/5.4.0/avr51\libgcc.a(_divmodhi4.o)
 .text.libgcc.fixed
                0x00000000        0x0 c:/program files (x86)/atmel/studio/7.0/toolchain/avr8/avr8-gnu-toolchain/bin/../lib/gcc/avr/5.4.0/avr51\libgcc.a(_divmodhi4.o)
 .text          0x00000000        0x0 c:/program files (x86)/atmel/studio/7.0/toolchain/avr8/avr8-gnu-toolchain/bin/../lib/gcc/avr/5.4.0/avr51\libgcc.a(_udivmodsi4.o)
 .data          0x00000000        0x0 c:/program files (x86)/atmel/studio/7.0/toolchain/avr8/avr8-gnu-toolchain/bin/../lib/gcc/avr/5.4.0/avr51\libgcc.a(_udivmodsi4.o)
 .bss           0x00000000        0x0 c:/program files (x86)/atmel/studio/7.0/toolchain/avr8/avr8-gnu-toolchain/bin/../lib/gcc/avr/5.4.0/avr51\libgcc.a(_udivmodsi4.o)
 .text.libgcc.mul
                0x00000000        0x0 c:/program files (x86)/atmel/studio/7.0/toolchain/avr8/avr8-gnu-toolchain/bin/../lib/gcc/avr/5.4.0/avr51\libgcc.a(_udivmodsi4.o)
 .text.libgcc.div
                0x00000000       0x44 c:/program files (x86)/atmel/studio/7.0/toolchain/avr8/avr8-gnu-toolchain/bin/../lib/gcc/avr/5.4.0/avr51\libgcc.a(_udivmodsi4.o)
 .text.libgcc   0x00000000        0x0 c:/program files (x86)/atmel/studio/7.0/toolchain/avr8/avr8-gnu-toolchain/bin/../lib/gcc/avr/5.4.0/avr51\libgcc.a(_udivmodsi4.o)
 .text.libgcc.prologue
                0x00000000        0x0 c:/program files (x86)/atmel/studio/7.0/toolchain/avr8/avr8-gnu-toolchain/bin/../lib/gcc/avr/5.4.0/avr51\libgcc.a(_udivmodsi4.o)
 .text.libgcc.builtins
                0x00000000        0x0 c:/program files (x86)/atmel/studio/7.0/toolchain/avr8/avr8-gnu-toolchain/bin/../lib/gcc/avr/5.4.0/avr51\libgcc.a(_udivmodsi4.o)
 .text.libgcc.fmul
                0x00000000        0x0 c:/program files (x86)/atmel/studio/7.0/toolchain/avr8/avr8-gnu-toolchain/bin/../lib/gcc/avr/5.4.0/avr51\libgcc.a(_udivmodsi4.o)
 .text.libgcc.fixed
                0x00000000        0x0 c:/program files (x86)/atmel/studio/7.0/toolchain/avr8/avr8-gnu-toolchain/bin/../lib/gcc/avr/5.4.0/avr51\libgcc.a(_udivmodsi4.o)
 .text          0x00000000        0x0 c:/program files (x86)/atmel/studio/7.0/toolchain/avr8/avr8-gnu-toolchain/bin/../lib/gcc/avr/5.4.0/avr51\libgcc.a(_divmodsi4.o)
 .data          0x00000000        0x0 c:/program files (x86)/atmel/studio/7.0/toolchain/avr8/avr8-gnu-toolchain/bin/../lib/gcc/avr/5.4.0/avr51\libgcc.a(_divmodsi4.o)
 .bss           0x00000000        0x0 c:/program files (x86)/atmel/studio/7.0/toolchain/avr8/avr8-gnu-toolchain/bin/../lib/gcc/avr/5.4.0/avr51\libgcc.a(_divmodsi4.o)
 .text.libgcc.mul
                0x00000000        0x0 c:/program files (x86)/atmel/studio/7.0/toolchain/avr8/avr8-gnu-toolchain/bin/../lib/gcc/avr/5.4.0/avr51\libgcc.a(_divmodsi4.o)
 .text.libgcc.div
                0x00000000       0x2e c:/program files (x86)/atmel/studio/7.0/toolchain/avr8/avr8-gnu-toolchain/bin/../lib/gcc/avr/5.4.0/avr51\libgcc.a(_divmodsi4.o)
 .text.libgcc   0x00000000        0x0 c:/program files (x86)/atmel/studio/7.0/toolchain/avr8/avr8-gnu-toolchain/bin/../lib/gcc/avr/5.4.0/avr51\libgcc.a(_divmodsi4.o)
 .text.libgcc.prologue
                0x00000000        0x0 c:/program files (x86)/atmel/studio/7.0/toolchain/avr8/avr8-gnu-toolchain/bin/../lib/gcc/avr/5.4.0/avr51\libgcc.a(_divmodsi4.o)
 .text.libgcc.builtins
                0x00000000        0x0 c:/program files (x86)/atmel/studio/7.0/toolchain/avr8/avr8-gnu-toolchain/bin/../lib/gcc/avr/5.4.0/avr51\libgcc.a(_divmodsi4.o)
 .text.libgcc.fmul
                0x00000000        0x0 c:/program files (x86)/atmel/studio/7.0/toolchain/avr8/avr8-gnu-toolchain/bin/../lib/gcc/avr/5.4.0/avr51\libgcc.a(_divmodsi4.o)
 .text.libgcc.fixed
                0x00000000        0x0 c:/program files (x86)/atmel/studio/7.0/toolchain/avr8/avr8-gnu-toolchain/bin/../lib/gcc/avr/5.4.0/avr51\libgcc.a(_divmodsi4.o)
 .text          0x00000000        0x0 c:/program files (x86)/atmel/studio/7.0/toolchain/avr8/avr8-gnu-toolchain/bin/../lib/gcc/avr/5.4.0/avr51\libgcc.a(_negsi2.o)
 .data          0x00000000        0x0 c:/program files (x86)/atmel/studio/7.0/toolchain/avr8/avr8-gnu-toolchain/bin/../lib/gcc/avr/5.4.0/avr51\libgcc.a(_negsi2.o)
 .bss           0x00000000        0x0 c:/program files (x86)/atmel/studio/7.0/toolchain/avr8/avr8-gnu-toolchain/bin/../lib/gcc/avr/5.4.0/avr51\libgcc.a(_negsi2.o)
 .text.libgcc.mul
                0x00000000        0x0 c:/program files (x86)/atmel/studio/7.0/toolchain/avr8/avr8-gnu-toolchain/bin/../lib/gcc/avr/5.4.0/avr51\libgcc.a(_negsi2.o)
 .text.libgcc.div
                0x00000000       0x10 c:/program files (x86)/atmel/studio/7.0/toolchain/avr8/avr8-gnu-toolchain/bin/../lib/gcc/avr/5.4.0/avr51\libgcc.a(_negsi2.o)
 .text.libgcc   0x00000000        0x0 c:/program files (x86)/atmel/studio/7.0/toolchain/avr8/avr8-gnu-toolchain/bin/../lib/gcc/avr/5.4.0/avr51\libgcc.a(_negsi2.o)
 .text.libgcc.prologue
                0x00000000        0x0 c:/program files (x86)/atmel/studio/7.0/toolchain/avr8/avr8-gnu-toolchain/bin/../lib/gcc/avr/5.4.0/avr51\libgcc.a(_negsi2.o)
 .text.libgcc.builtins
                0x00000000        0x0 c:/program files (x86)/atmel/studio/7.0/toolchain/avr8/avr8-gnu-toolchain/bin/../lib/gcc/avr/5.4.0/avr51\libgcc.a(_negsi2.o)
 .text.libgcc.fmul
                0x00000000        0x0 c:/program files (x86)/atmel/studio/7.0/toolchain/avr8/avr8-gnu-toolchain/bin/../lib/gcc/avr/5.4.0/avr51\libgcc.a(_negsi2.o)
 .text.libgcc.fixed
                0x00000000        0x0 c:/program files (x86)/atmel/studio/7.0/toolchain/avr8/avr8-gnu-toolchain/bin/../lib/gcc/avr/5.4.0/avr51\libgcc.a(_negsi2.o)
 .text          0x00000000        0x0 c:/program files (x86)/atmel/studio/7.0/toolchain/avr8/avr8-gnu-toolchain/bin/../lib/gcc/avr/5.4.0/avr51\libgcc.a(_exit.o)
 .data          0x00000000        0x0 c:/program files (x86)/atmel/studio/7.0/toolchain/avr8/avr8-gnu-toolchain/bin/../lib/gcc/avr/5.4.0/avr51\libgcc.a(_exit.o)
 .bss           0x00000000        0x0 c:/program files (x86)/atmel/studio/7.0/toolchain/avr8/avr8-gnu-toolchain/bin/../lib/gcc/avr/5.4.0/avr51\libgcc.a(_exit.o)
 .text.libgcc.mul
                0x00000000        0x0 c:/program files (x86)/atmel/studio/7.0/toolchain/avr8/avr8-gnu-toolchain/bin/../lib/gcc/avr/5.4.0/avr51\libgcc.a(_exit.o)
 .text.libgcc.div
                0x00000000        0x0 c:/program files (x86)/atmel/studio/7.0/toolchain/avr8/avr8-gnu-toolchain/bin/../lib/gcc/avr/5.4.0/avr51\libgcc.a(_exit.o)
 .text.libgcc   0x00000000        0x0 c:/program files (x86)/atmel/studio/7.0/toolchain/avr8/avr8-gnu-toolchain/bin/../lib/gcc/avr/5.4.0/avr51\libgcc.a(_exit.o)
 .text.libgcc.prologue
                0x00000000        0x0 c:/program files (x86)/atmel/studio/7.0/toolchain/avr8/avr8-gnu-toolchain/bin/../lib/gcc/avr/5.4.0/avr51\libgcc.a(_exit.o)
 .text.libgcc.builtins
                0x00000000        0x0 c:/program files (x86)/atmel/studio/7.0/toolchain/avr8/avr8-gnu-toolchain/bin/../lib/gcc/avr/5.4.0/avr51\libgcc.a(_exit.o)
 .text.libgcc.fmul
                0x00000000        0x0 c:/program files (x86)/atmel/studio/7.0/toolchain/avr8/avr8-gnu-toolchain/bin/../lib/gcc/avr/5.4.0/avr51\libgcc.a(_exit.o)
 .text.libgcc.fixed
                0x00000000        0x0 c:/program files (x86)/atmel/studio/7.0/toolchain/avr8/avr8-gnu-toolchain/bin/../lib/gcc/avr/5.4.0/avr51\libgcc.a(_exit.o)
 .text          0x00000000        0x0 c:/program files (x86)/atmel/studio/7.0/toolchain/avr8/avr8-gnu-toolchain/bin/../lib/gcc/avr/5.4.0/avr51\libgcc.a(_tablejump2.o)
 .data          0x00000000        0x0 c:/program files (x86)/atmel/studio/7.0/toolchain/avr8/avr8-gnu-toolchain/bin/../lib/gcc/avr/5.4.0/avr51\libgcc.a(_tablejump2.o)
 .bss           0x00000000        0x0 c:/program files (x86)/atmel/studio/7.0/toolchain/avr8/avr8-gnu-toolchain/bin/../lib/gcc/avr/5.4.0/avr51\libgcc.a(_tablejump2.o)
 .text.libgcc.mul
                0x00000000        0x0 c:/program files (x86)/atmel/studio/7.0/toolchain/avr8/avr8-gnu-toolchain/bin/../lib/gcc/avr/5.4.0/avr51\libgcc.a(_tablejump2.o)
 .text.libgcc.div
                0x00000000        0x0 c:/program files (x86)/atmel/studio/7.0/toolchain/avr8/avr8-gnu-toolchain/bin/../lib/gcc/avr/5.4.0/avr51\libgcc.a(_tablejump2.o)
 .text.libgcc.prologue
                0x00000000        0x0 c:/program files (x86)/atmel/studio/7.0/toolchain/avr8/avr8-gnu-toolchain/bin/../lib/gcc/avr/5.4.0/avr51\libgcc.a(_tablejump2.o)
 .text.libgcc.builtins
                0x00000000        0x0 c:/program files (x86)/atmel/studio/7.0/toolchain/avr8/avr8-gnu-toolchain/bin/../lib/gcc/avr/5.4.0/avr51\libgcc.a(_tablejump2.o)
 .text.libgcc.fmul
                0x00000000        0x0 c:/program files (x86)/atmel/studio/7.0/toolchain/avr8/avr8-gnu-toolchain/bin/../lib/gcc/avr/5.4.0/avr51\libgcc.a(_tablejump2.o)
 .text.libgcc.fixed
                0x00000000        0x0 c:/program files (x86)/atmel/studio/7.0/toolchain/avr8/avr8-gnu-toolchain/bin/../lib/gcc/avr/5.4.0/avr51\libgcc.a(_tablejump2.o)
 .text          0x00000000        0x0 c:/program files (x86)/atmel/studio/7.0/toolchain/avr8/avr8-gnu-toolchain/bin/../lib/gcc/avr/5.4.0/avr51\libgcc.a(_copy_data.o)
 .data          0x00000000        0x0 c:/program files (x86)/atmel/studio/7.0/toolchain/avr8/avr8-gnu-toolchain/bin/../lib/gcc/avr/5.4.0/avr51\libgcc.a(_copy_data.o)
 .bss           0x00000000        0x0 c:/program files (x86)/atmel/studio/7.0/toolchain/avr8/avr8-gnu-toolchain/bin/../lib/gcc/avr/5.4.0/avr51\libgcc.a(_copy_data.o)
 .text.libgcc.mul
                0x00000000        0x0 c:/program files (x86)/atmel/studio/7.0/toolchain/avr8/avr8-gnu-toolchain/bin/../lib/gcc/avr/5.4.0/avr51\libgcc.a(_copy_data.o)
 .text.libgcc.div
                0x00000000        0x0 c:/program files (x86)/atmel/studio/7.0/toolchain/avr8/avr8-gnu-toolchain/bin/../lib/gcc/avr/5.4.0/avr51\libgcc.a(_copy_data.o)
 .text.libgcc   0x00000000        0x0 c:/program files (x86)/atmel/studio/7.0/toolchain/avr8/avr8-gnu-toolchain/bin/../lib/gcc/avr/5.4.0/avr51\libgcc.a(_copy_data.o)
 .text.libgcc.prologue
                0x00000000        0x0 c:/program files (x86)/atmel/studio/7.0/toolchain/avr8/avr8-gnu-toolchain/bin/../lib/gcc/avr/5.4.0/avr51\libgcc.a(_copy_data.o)
 .text.libgcc.builtins
                0x00000000        0x0 c:/program files (x86)/atmel/studio/7.0/toolchain/avr8/avr8-gnu-toolchain/bin/../lib/gcc/avr/5.4.0/avr51\libgcc.a(_copy_data.o)
 .text.libgcc.fmul
                0x00000000        0x0 c:/program files (x86)/atmel/studio/7.0/toolchain/avr8/avr8-gnu-toolchain/bin/../lib/gcc/avr/5.4.0/avr51\libgcc.a(_copy_data.o)
 .text.libgcc.fixed
                0x00000000        0x0 c:/program files (x86)/atmel/studio/7.0/toolchain/avr8/avr8-gnu-toolchain/bin/../lib/gcc/avr/5.4.0/avr51\libgcc.a(_copy_data.o)
 .text          0x00000000        0x0 c:/program files (x86)/atmel/studio/7.0/toolchain/avr8/avr8-gnu-toolchain/bin/../lib/gcc/avr/5.4.0/avr51\libgcc.a(_clear_bss.o)
 .data          0x00000000        0x0 c:/program files (x86)/atmel/studio/7.0/toolchain/avr8/avr8-gnu-toolchain/bin/../lib/gcc/avr/5.4.0/avr51\libgcc.a(_clear_bss.o)
 .bss           0x00000000        0x0 c:/program files (x86)/atmel/studio/7.0/toolchain/avr8/avr8-gnu-toolchain/bin/../lib/gcc/avr/5.4.0/avr51\libgcc.a(_clear_bss.o)
 .text.libgcc.mul
                0x00000000        0x0 c:/program files (x86)/atmel/studio/7.0/toolchain/avr8/avr8-gnu-toolchain/bin/../lib/gcc/avr/5.4.0/avr51\libgcc.a(_clear_bss.o)
 .text.libgcc.div
                0x00000000        0x0 c:/program files (x86)/atmel/studio/7.0/toolchain/avr8/avr8-gnu-toolchain/bin/../lib/gcc/avr/5.4.0/avr51\libgcc.a(_clear_bss.o)
 .text.libgcc   0x00000000        0x0 c:/program files (x86)/atmel/studio/7.0/toolchain/avr8/avr8-gnu-toolchain/bin/../lib/gcc/avr/5.4.0/avr51\libgcc.a(_clear_bss.o)
 .text.libgcc.prologue
                0x00000000        0x0 c:/program files (x86)/atmel/studio/7.0/toolchain/avr8/avr8-gnu-toolchain/bin/../lib/gcc/avr/5.4.0/avr51\libgcc.a(_clear_bss.o)
 .text.libgcc.builtins
                0x00000000        0x0 c:/program files (x86)/atmel/studio/7.0/toolchain/avr8/avr8-gnu-toolchain/bin/../lib/gcc/avr/5.4.0/avr51\libgcc.a(_clear_bss.o)
 .text.libgcc.fmul
                0x00000000        0x0 c:/program files (x86)/atmel/studio/7.0/toolchain/avr8/avr8-gnu-toolchain/bin/../lib/gcc/avr/5.4.0/avr51\libgcc.a(_clear_bss.o)
 .text.libgcc.fixed
                0x00000000        0x0 c:/program files (x86)/atmel/studio/7.0/toolchain/avr8/avr8-gnu-toolchain/bin/../lib/gcc/avr/5.4.0/avr51\libgcc.a(_clear_bss.o)
 .text          0x00000000        0x0 c:/program files (x86)/atmel/studio/7.0/toolchain/avr8/avr8-gnu-toolchain/bin/../lib/gcc/avr/5.4.0/avr51\libgcc.a(_ctors.o)
 .data          0x00000000        0x0 c:/program files (x86)/atmel/studio/7.0/toolchain/avr8/avr8-gnu-toolchain/bin/../lib/gcc/avr/5.4.0/avr51\libgcc.a(_ctors.o)
 .bss           0x00000000        0x0 c:/program files (x86)/atmel/studio/7.0/toolchain/avr8/avr8-gnu-toolchain/bin/../lib/gcc/avr/5.4.0/avr51\libgcc.a(_ctors.o)
 .text.libgcc.mul
                0x00000000        0x0 c:/program files (x86)/atmel/studio/7.0/toolchain/avr8/avr8-gnu-toolchain/bin/../lib/gcc/avr/5.4.0/avr51\libgcc.a(_ctors.o)
 .text.libgcc.div
                0x00000000        0x0 c:/program files (x86)/atmel/studio/7.0/toolchain/avr8/avr8-gnu-toolchain/bin/../lib/gcc/avr/5.4.0/avr51\libgcc.a(_ctors.o)
 .text.libgcc   0x00000000        0x0 c:/program files (x86)/atmel/studio/7.0/toolchain/avr8/avr8-gnu-toolchain/bin/../lib/gcc/avr/5.4.0/avr51\libgcc.a(_ctors.o)
 .text.libgcc.prologue
                0x00000000        0x0 c:/program files (x86)/atmel/studio/7.0/toolchain/avr8/avr8-gnu-toolchain/bin/../lib/gcc/avr/5.4.0/avr51\libgcc.a(_ctors.o)
 .text.libgcc.builtins
                0x00000000        0x0 c:/program files (x86)/atmel/studio/7.0/toolchain/avr8/avr8-gnu-toolchain/bin/../lib/gcc/avr/5.4.0/avr51\libgcc.a(_ctors.o)
 .text.libgcc.fmul
                0x00000000        0x0 c:/program files (x86)/atmel/studio/7.0/toolchain/avr8/avr8-gnu-toolchain/bin/../lib/gcc/avr/5.4.0/avr51\libgcc.a(_ctors.o)
 .text.libgcc.fixed
                0x00000000        0x0 c:/program files (x86)/atmel/studio/7.0/toolchain/avr8/avr8-gnu-toolchain/bin/../lib/gcc/avr/5.4.0/avr51\libgcc.a(_ctors.o)
 .text          0x00000000        0x0 c:/program files (x86)/atmel/studio/7.0/toolchain/avr8/avr8-gnu-toolchain/bin/../lib/gcc/avr/5.4.0/avr51\libgcc.a(_umulhisi3.o)
 .data          0x00000000        0x0 c:/program files (x86)/atmel/studio/7.0/toolchain/avr8/avr8-gnu-toolchain/bin/../lib/gcc/avr/5.4.0/avr51\libgcc.a(_umulhisi3.o)
 .bss           0x00000000        0x0 c:/program files (x86)/atmel/studio/7.0/toolchain/avr8/avr8-gnu-toolchain/bin/../lib/gcc/avr/5.4.0/avr51\libgcc.a(_umulhisi3.o)
 .text.libgcc.mul
                0x00000000       0x1e c:/program files (x86)/atmel/studio/7.0/toolchain/avr8/avr8-gnu-toolchain/bin/../lib/gcc/avr/5.4.0/avr51\libgcc.a(_umulhisi3.o)
 .text.libgcc.div
                0x00000000        0x0 c:/program files (x86)/atmel/studio/7.0/toolchain/avr8/avr8-gnu-toolchain/bin/../lib/gcc/avr/5.4.0/avr51\libgcc.a(_umulhisi3.o)
 .text.libgcc   0x00000000        0x0 c:/program files (x86)/atmel/studio/7.0/toolchain/avr8/avr8-gnu-toolchain/bin/../lib/gcc/avr/5.4.0/avr51\libgcc.a(_umulhisi3.o)
 .text.libgcc.prologue
                0x00000000        0x0 c:/program files (x86)/atmel/studio/7.0/toolchain/avr8/avr8-gnu-toolchain/bin/../lib/gcc/avr/5.4.0/avr51\libgcc.a(_umulhisi3.o)
 .text.libgcc.builtins
                0x00000000        0x0 c:/program files (x86)/atmel/studio/7.0/toolchain/avr8/avr8-gnu-toolchain/bin/../lib/gcc/avr/5.4.0/avr51\libgcc.a(_umulhisi3.o)
 .text.libgcc.fmul
                0x00000000        0x0 c:/program files (x86)/atmel/studio/7.0/toolchain/avr8/avr8-gnu-toolchain/bin/../lib/gcc/avr/5.4.0/avr51\libgcc.a(_umulhisi3.o)
 .text.libgcc.fixed
                0x00000000        0x0 c:/program files (x86)/atmel/studio/7.0/toolchain/avr8/avr8-gnu-toolchain/bin/../lib/gcc/avr/5.4.0/avr51\libgcc.a(_umulhisi3.o)
 .text          0x00000000        0x0 c:/program files (x86)/atmel/studio/7.0/toolchain/avr8/avr8-gnu-toolchain/bin/../lib/gcc/avr/5.4.0/avr51\libgcc.a(_udivmodhi4.o)
 .data          0x00000000        0x0 c:/program files (x86)/atmel/studio/7.0/toolchain/avr8/avr8-gnu-toolchain/bin/../lib/gcc/avr/5.4.0/avr51\libgcc.a(_udivmodhi4.o)
 .bss           0x00000000        0x0 c:/program files (x86)/atmel/studio/7.0/toolchain/avr8/avr8-gnu-toolchain/bin/../lib/gcc/avr/5.4.0/avr51\libgcc.a(_udivmodhi4.o)
 .text.libgcc.mul
                0x00000000        0x0 c:/program files (x86)/atmel/studio/7.0/toolchain/avr8/avr8-gnu-toolchain/bin/../lib/gcc/avr/5.4.0/avr51\libgcc.a(_udivmodhi4.o)
 .text.libgcc.div
                0x00000000       0x28 c:/program files (x86)/atmel/studio/7.0/toolchain/avr8/avr8-gnu-toolchain/bin/../lib/gcc/avr/5.4.0/avr51\libgcc.a(_udivmodhi4.o)
 .text.libgcc   0x00000000        0x0 c:/program files (x86)/atmel/studio/7.0/toolchain/avr8/avr8-gnu-toolchain/bin/../lib/gcc/avr/5.4.0/avr51\libgcc.a(_udivmodhi4.o)
 .text.libgcc.prologue
                0x00000000        0x0 c:/program files (x86)/atmel/studio/7.0/toolchain/avr8/avr8-gnu-toolchain/bin/../lib/gcc/avr/5.4.0/avr51\libgcc.a(_udivmodhi4.o)
 .text.libgcc.builtins
                0x00000000        0x0 c:/program files (x86)/atmel/studio/7.0/toolchain/avr8/avr8-gnu-toolchain/bin/../lib/gcc/avr/5.4.0/avr51\libgcc.a(_udivmodhi4.o)
 .text.libgcc.fmul
                0x00000000        0x0 c:/program files (x86)/atmel/studio/7.0/toolchain/avr8/avr8-gnu-toolchain/bin/../lib/gcc/avr/5.4.0/avr51\libgcc.a(_udivmodhi4.o)
 .text.libgcc.fixed
                0x00000000        0x0 c:/program files (x86)/atmel/studio/7.0/toolchain/avr8/avr8-gnu-toolchain/bin/../lib/gcc/avr/5.4.0/avr51\libgcc.a(_udivmodhi4.o)

Memory Configuration

Name             Origin             Length             Attributes
text             0x00000000         0x00020000         xr
data             0x00800100         0x0000ff00         rw !x
eeprom           0x00810000         0x00010000         rw !x
fuse             0x00820000         0x00000003         rw !x
lock             0x00830000         0x00000400         rw !x
signature        0x00840000         0x00000400         rw !x
user_signatures  0x00850000         0x00000400         rw !x
*default*        0x00000000         0xffffffff

Linker script and memory map

Address of section .data set to 0x800100
LOAD C:/Program Files (x86)/Atmel/Studio/7.0/Packs/atmel/ATmega_DFP/1.1.130/gcc/dev/at90can128/avr51/crtat90can128.o
LOAD main.o
LOAD XBee.o
START GROUP
LOAD c:/program files (x86)/atmel/studio/7.0/toolchain/avr8/avr8-gnu-toolchain/bin/../lib/gcc/avr/5.4.0/../../../../avr/lib/avr51\libm.a
END GROUP
LOAD c:/program files (x86)/atmel/studio/7.0/toolchain/avr8/avr8-gnu-toolchain/bin/../lib/gcc/avr/5.4.0/avr51\libgcc.a
LOAD c:/program files (x86)/atmel/studio/7.0/toolchain/avr8/avr8-gnu-toolchain/bin/../lib/gcc/avr/5.4.0/../../../../avr/lib/avr51\libm.a
START GROUP
LOAD c:/program files (x86)/atmel/studio/7.0/toolchain/avr8/avr8-gnu-toolchain/bin/../lib/gcc/avr/5.4.0/avr51\libgcc.a
LOAD c:/program files (x86)/atmel/studio/7.0/toolchain/avr8/avr8-gnu-toolchain/bin/../lib/gcc/avr/5.4.0/../../../../avr/lib/avr51\libm.a
LOAD c:/program files (x86)/atmel/studio/7.0/toolchain/avr8/avr8-gnu-toolchain/bin/../lib/gcc/avr/5.4.0/../../../../avr/lib/avr51\libc.a
LOAD C:/Program Files (x86)/Atmel/Studio/7.0/Packs/atmel/ATmega_DFP/1.1.130/gcc/dev/at90can128/avr51\libat90can128.a
END GROUP
                0x00020000                __TEXT_REGION_LENGTH__ = DEFINED (__TEXT_REGION_LENGTH__)?__TEXT_REGION_LENGTH__:0x20000
                0x0000ff00                __DATA_REGION_LENGTH__ = DEFINED (__DATA_REGION_LENGTH__)?__DATA_REGION_LENGTH__:0xff00
                0x00010000                __EEPROM_REGION_LENGTH__ = DEFINED (__EEPROM_REGION_LENGTH__)?__EEPROM_REGION_LENGTH__:0x10000
                [0x00000003]                __FUSE_REGION_LENGTH__ = DEFINED (__FUSE_REGION_LENGTH__)?__FUSE_REGION_LENGTH__:0x400
                0x00000400                __LOCK_REGION_LENGTH__ = DEFINED (__LOCK_REGION_LENGTH__)?__LOCK_REGION_LENGTH__:0x400
                0x00000400                __SIGNATURE_REGION_LENGTH__ = DEFINED (__SIGNATURE_REGION_LENGTH__)?__SIGNATURE_REGION_LENGTH__:0x400
                0x00000400                __USER_SIGNATURE_REGION_LENGTH__ = DEFINED (__USER_SIGNATURE_REGION_LENGTH__)?__USER_SIGNATURE_REGION_LENGTH__:0x400

.hash
 *(.hash)

.dynsym
 *(.dynsym)

.dynstr
 *(.dynstr)

.gnu.version
 *(.gnu.version)

.gnu.version_d
 *(.gnu.version_d)

.gnu.version_r
 *(.gnu.version_r)

.rel.init
 *(.rel.init)

.rela.init
 *(.rela.init)

.rel.text
 *(.rel.text)
 *(.rel.text.*)
 *(.rel.gnu.linkonce.t*)

.rela.text
 *(.rela.text)
 *(.rela.text.*)
 *(.rela.gnu.linkonce.t*)

.rel.fini
 *(.rel.fini)

.rela.fini
 *(.rela.fini)

.rel.rodata
 *(.rel.rodata)
 *(.rel.rodata.*)
 *(.rel.gnu.linkonce.r*)

.rela.rodata
 *(.rela.rodata)
 *(.rela.rodata.*)
 *(.rela.gnu.linkonce.r*)

.rel.data
 *(.rel.data)
 *(.rel.data.*)
 *(.rel.gnu.linkonce.d*)

.rela.data
 *(.rela.data)
 *(.rela.data.*)
 *(.rela.gnu.linkonce.d*)

.rel.ctors
 *(.rel.ctors)

.rela.ctors
 *(.rela.ctors)

.rel.dtors
 *(.rel.dtors)

.rela.dtors
 *(.rela.dtors)

.rel.got
 *(.rel.got)

.rela.got
 *(.rela.got)

.rel.bss
 *(.rel.bss)

.rela.bss
 *(.rela.bss)

.rel.plt
 *(.rel.plt)

.rela.plt
 *(.rela.plt)

.text           0x00000000     0x1308
 *(.vectors)
 .vectors       0x00000000       0x94 C:/Program Files (x86)/Atmel/Studio/7.0/Packs/atmel/ATmega_DFP/1.1.130/gcc/dev/at90can128/avr51/crtat90can128.o
                0x00000000                __vector_default
                0x00000000                __vectors
 *(.vectors)
 *(.progmem.gcc*)
 .progmem.gcc_sw_table.can_cmd
                0x00000094       0x16 main.o
                0x000000aa                . = ALIGN (0x2)
                0x000000aa                __trampolines_start = .
 *(.trampolines)
 .trampolines   0x000000aa        0x0 linker stubs
 *(.trampolines*)
                0x000000aa                __trampolines_end = .
 *libprintf_flt.a:*(.progmem.data)
 *libc.a:*(.progmem.data)
 *(.progmem*)
                0x000000aa                . = ALIGN (0x2)
 *(.jumptables)
 *(.jumptables*)
 *(.lowtext)
 *(.lowtext*)
                0x000000aa                __ctors_start = .
 *(.ctors)
 .ctors         0x000000aa        0x2 main.o
 .ctors         0x000000ac        0x2 XBee.o
                0x000000ae                __ctors_end = .
                0x000000ae                __dtors_start = .
 *(.dtors)
                0x000000ae                __dtors_end = .
 SORT(*)(.ctors)
 SORT(*)(.dtors)
 *(.init0)
 .init0         0x000000ae        0x0 C:/Program Files (x86)/Atmel/Studio/7.0/Packs/atmel/ATmega_DFP/1.1.130/gcc/dev/at90can128/avr51/crtat90can128.o
                0x000000ae                __init
 *(.init0)
 *(.init1)
 *(.init1)
 *(.init2)
 .init2         0x000000ae        0xc C:/Program Files (x86)/Atmel/Studio/7.0/Packs/atmel/ATmega_DFP/1.1.130/gcc/dev/at90can128/avr51/crtat90can128.o
 *(.init2)
 *(.init3)
 *(.init3)
 *(.init4)
 .init4         0x000000ba       0x1a c:/program files (x86)/atmel/studio/7.0/toolchain/avr8/avr8-gnu-toolchain/bin/../lib/gcc/avr/5.4.0/avr51\libgcc.a(_copy_data.o)
                0x000000ba                __do_copy_data
 .init4         0x000000d4       0x10 c:/program files (x86)/atmel/studio/7.0/toolchain/avr8/avr8-gnu-toolchain/bin/../lib/gcc/avr/5.4.0/avr51\libgcc.a(_clear_bss.o)
                0x000000d4                __do_clear_bss
 *(.init4)
 *(.init5)
 *(.init5)
 *(.init6)
 .init6         0x000000e4       0x16 c:/program files (x86)/atmel/studio/7.0/toolchain/avr8/avr8-gnu-toolchain/bin/../lib/gcc/avr/5.4.0/avr51\libgcc.a(_ctors.o)
                0x000000e4                __do_global_ctors
 *(.init6)
 *(.init7)
 *(.init7)
 *(.init8)
 *(.init8)
 *(.init9)
 .init9         0x000000fa        0x6 C:/Program Files (x86)/Atmel/Studio/7.0/Packs/atmel/ATmega_DFP/1.1.130/gcc/dev/at90can128/avr51/crtat90can128.o
 *(.init9)
 *(.text)
 .text          0x00000100        0x2 C:/Program Files (x86)/Atmel/Studio/7.0/Packs/atmel/ATmega_DFP/1.1.130/gcc/dev/at90can128/avr51/crtat90can128.o
                0x00000100                __vector_22
                0x00000100                __vector_28
                0x00000100                __vector_1
                0x00000100                __vector_32
                0x00000100                __vector_34
                0x00000100                __vector_24
                0x00000100                __bad_interrupt
                0x00000100                __vector_6
                0x00000100                __vector_31
                0x00000100                __vector_35
                0x00000100                __vector_3
                0x00000100                __vector_23
                0x00000100                __vector_30
                0x00000100                __vector_25
                0x00000100                __vector_11
                0x00000100                __vector_13
                0x00000100                __vector_17
                0x00000100                __vector_7
                0x00000100                __vector_27
                0x00000100                __vector_5
                0x00000100                __vector_33
                0x00000100                __vector_4
                0x00000100                __vector_9
                0x00000100                __vector_2
                0x00000100                __vector_21
                0x00000100                __vector_15
                0x00000100                __vector_36
                0x00000100                __vector_29
                0x00000100                __vector_8
                0x00000100                __vector_26
                0x00000100                __vector_14
                0x00000100                __vector_10
                0x00000100                __vector_16
                0x00000100                __vector_20
                0x00000102                . = ALIGN (0x2)
 *(.text.*)
 .text.uart_init
                0x00000102       0x78 main.o
                0x00000102                uart_init
 .text.uart_putchar
                0x0000017a       0x10 main.o
                0x0000017a                uart_putchar
 .text.__vector_12
                0x0000018a       0x4a main.o
                0x0000018a                __vector_12
 .text.can_clear_all_mob
                0x000001d4       0x22 main.o
                0x000001d4                can_clear_all_mob
 .text.can_get_mob_free
                0x000001f6       0x40 main.o
                0x000001f6                can_get_mob_free
 .text.can_cmd  0x00000236      0xac0 main.o
                0x00000236                can_cmd
 .text.can_get_data
                0x00000cf6       0x3a main.o
                0x00000cf6                can_get_data
 .text.can_fixed_baudrate
                0x00000d30       0x1c main.o
                0x00000d30                can_fixed_baudrate
 .text.can_init
                0x00000d4c       0x16 main.o
                0x00000d4c                can_init
 .text.main     0x00000d62      0x152 main.o
                0x00000d62                main
 .text.__vector_18
                0x00000eb4      0x1ee main.o
                0x00000eb4                __vector_18
 .text.__vector_19
                0x000010a2       0x14 main.o
                0x000010a2                __vector_19
 .text._GLOBAL__sub_I_txt_logo_atmel
                0x000010b6       0x1c main.o
 .text._ZN11ZBTxRequest18getFrameDataLengthEv
                0x000010d2        0x8 XBee.o
                0x000010d2                _ZN11ZBTxRequest18getFrameDataLengthEv
 .text._ZN11ZBTxRequest12getFrameDataEh
                0x000010da       0x98 XBee.o
                0x000010da                _ZN11ZBTxRequest12getFrameDataEh
 .text._ZN4XBeeC2Ev
                0x00001172       0x18 XBee.o
                0x00001172                _ZN4XBeeC2Ev
                0x00001172                _ZN4XBeeC1Ev
 .text._ZN11ZBTxRequestC2ERK13XBeeAddress64Phh
                0x0000118a       0x4e XBee.o
                0x0000118a                _ZN11ZBTxRequestC2ERK13XBeeAddress64Phh
                0x0000118a                _ZN11ZBTxRequestC1ERK13XBeeAddress64Phh
 .text._ZN4XBee8sendByteEhb
                0x000011d8       0x32 XBee.o
                0x000011d8                _ZN4XBee8sendByteEhb
 .text._ZN4XBee4sendER11XBeeRequest
                0x0000120a       0xca XBee.o
                0x0000120a                _ZN4XBee4sendER11XBeeRequest
 .text._GLOBAL__sub_I__ZN12XBeeResponseC2Ev
                0x000012d4       0x1e XBee.o
 .text.libgcc   0x000012f2       0x12 c:/program files (x86)/atmel/studio/7.0/toolchain/avr8/avr8-gnu-toolchain/bin/../lib/gcc/avr/5.4.0/avr51\libgcc.a(_tablejump2.o)
                0x000012f2                __tablejump2__
                0x00001304                . = ALIGN (0x2)
 *(.fini9)
 .fini9         0x00001304        0x0 c:/program files (x86)/atmel/studio/7.0/toolchain/avr8/avr8-gnu-toolchain/bin/../lib/gcc/avr/5.4.0/avr51\libgcc.a(_exit.o)
                0x00001304                _exit
                0x00001304                exit
 *(.fini9)
 *(.fini8)
 *(.fini8)
 *(.fini7)
 *(.fini7)
 *(.fini6)
 *(.fini6)
 *(.fini5)
 *(.fini5)
 *(.fini4)
 *(.fini4)
 *(.fini3)
 *(.fini3)
 *(.fini2)
 *(.fini2)
 *(.fini1)
 *(.fini1)
 *(.fini0)
 .fini0         0x00001304        0x4 c:/program files (x86)/atmel/studio/7.0/toolchain/avr8/avr8-gnu-toolchain/bin/../lib/gcc/avr/5.4.0/avr51\libgcc.a(_exit.o)
 *(.fini0)
                0x00001308                _etext = .

.data           0x00800100        0x8 load address 0x00001308
                0x00800100                PROVIDE (__data_start, .)
 *(.data)
 *(.data*)
 *(.rodata)
 *(.rodata*)
 .rodata._ZTV11ZBTxRequest
                0x00800100        0x8 XBee.o
                0x00800100                _ZTV11ZBTxRequest
 *(.gnu.linkonce.d*)
                0x00800108                . = ALIGN (0x2)
                0x00800108                _edata = .
                0x00800108                PROVIDE (__data_end, .)

.bss            0x00800108       0xc5
                0x00800108                PROVIDE (__bss_start, .)
 *(.bss)
 *(.bss*)
 .bss.byte_ptr  0x00800108        0x2 main.o
                0x00800108                byte_ptr
 .bss.xbee      0x0080010a       0x7c main.o
                0x0080010a                xbee
 .bss.addr64    0x00800186        0x8 main.o
                0x00800186                addr64
 .bss.packet    0x0080018e        0xc main.o
                0x0080018e                packet
 .bss.mob       0x0080019a        0x1 main.o
                0x0080019a                mob
 .bss.save_canpage
                0x0080019b        0x1 main.o
                0x0080019b                save_canpage
 .bss.save_reg  0x0080019c        0x1 main.o
                0x0080019c                save_reg
 .bss.loop_count
                0x0080019d        0x2 main.o
                0x0080019d                loop_count
 .bss.ret_code  0x0080019f        0x2 main.o
                0x0080019f                ret_code
 .bss.datum_buff
                0x008001a1        0x8 main.o
                0x008001a1                datum_buff
 .bss.output    0x008001a9        0xc main.o
                0x008001a9                output
 .bss.datum     0x008001b5        0xc main.o
                0x008001b5                datum
 .bss._ZL12milliseconds
                0x008001c1        0x4 main.o
 .bss._ZN22RemoteAtCommandRequest18broadcastAddress64E
                0x008001c5        0x8 XBee.o
                0x008001c5                _ZN22RemoteAtCommandRequest18broadcastAddress64E
 *(COMMON)
                0x008001cd                PROVIDE (__bss_end, .)
                0x00001308                __data_load_start = LOADADDR (.data)
                0x00001310                __data_load_end = (__data_load_start + SIZEOF (.data))

.noinit         0x008001cd        0x0
                [!provide]                PROVIDE (__noinit_start, .)
 *(.noinit*)
                [!provide]                PROVIDE (__noinit_end, .)
                0x008001cd                _end = .
                [!provide]                PROVIDE (__heap_start, .)

.eeprom         0x00810000        0x0
 *(.eeprom*)
                0x00810000                __eeprom_end = .

.fuse
 *(.fuse)
 *(.lfuse)
 *(.hfuse)
 *(.efuse)

.lock
 *(.lock*)

.signature
 *(.signature*)

.user_signatures
 *(.user_signatures*)

.stab
 *(.stab)

.stabstr
 *(.stabstr)

.stab.excl
 *(.stab.excl)

.stab.exclstr
 *(.stab.exclstr)

.stab.index
 *(.stab.index)

.stab.indexstr
 *(.stab.indexstr)

.comment        0x00000000       0x60
 *(.comment)
 .comment       0x00000000       0x30 main.o
                                 0x31 (size before relaxing)
 .comment       0x00000030       0x30 XBee.o
                                 0x31 (size before relaxing)

.note.gnu.avr.deviceinfo
                0x00000000       0x40
 .note.gnu.avr.deviceinfo
                0x00000000       0x40 C:/Program Files (x86)/Atmel/Studio/7.0/Packs/atmel/ATmega_DFP/1.1.130/gcc/dev/at90can128/avr51/crtat90can128.o

.note.gnu.build-id
 *(.note.gnu.build-id)

.debug
 *(.debug)

.line
 *(.line)

.debug_srcinfo
 *(.debug_srcinfo)

.debug_sfnames
 *(.debug_sfnames)

.debug_aranges  0x00000000      0x7a8
 *(.debug_aranges)
 .debug_aranges
                0x00000000      0x108 main.o
 .debug_aranges
                0x00000108      0x6a0 XBee.o

.debug_pubnames
 *(.debug_pubnames)

.debug_info     0x00000000     0xa921
 *(.debug_info .gnu.linkonce.wi.*)
 .debug_info    0x00000000      0xa2d C:/Program Files (x86)/Atmel/Studio/7.0/Packs/atmel/ATmega_DFP/1.1.130/gcc/dev/at90can128/avr51/crtat90can128.o
 .debug_info    0x00000a2d     0x1cfd main.o
 .debug_info    0x0000272a     0x81f7 XBee.o

.debug_abbrev   0x00000000     0x1591
 *(.debug_abbrev)
 .debug_abbrev  0x00000000      0x9a0 C:/Program Files (x86)/Atmel/Studio/7.0/Packs/atmel/ATmega_DFP/1.1.130/gcc/dev/at90can128/avr51/crtat90can128.o
 .debug_abbrev  0x000009a0      0x608 main.o
 .debug_abbrev  0x00000fa8      0x5e9 XBee.o

.debug_line     0x00000000     0x3917
 *(.debug_line .debug_line.* .debug_line_end)
 .debug_line    0x00000000      0x175 C:/Program Files (x86)/Atmel/Studio/7.0/Packs/atmel/ATmega_DFP/1.1.130/gcc/dev/at90can128/avr51/crtat90can128.o
 .debug_line    0x00000175     0x1555 main.o
 .debug_line    0x000016ca     0x224d XBee.o

.debug_frame    0x00000000     0x140c
 *(.debug_frame)
 .debug_frame   0x00000000      0x3e4 main.o
 .debug_frame   0x000003e4     0x1028 XBee.o

.debug_str      0x00000000     0x3dc2
 *(.debug_str)
 .debug_str     0x00000000      0x39f C:/Program Files (x86)/Atmel/Studio/7.0/Packs/atmel/ATmega_DFP/1.1.130/gcc/dev/at90can128/avr51/crtat90can128.o
 .debug_str     0x0000039f     0x1419 main.o
                               0x1510 (size before relaxing)
 .debug_str     0x000017b8     0x260a XBee.o
                               0x369e (size before relaxing)

.debug_loc      0x00000000     0x6ef7
 *(.debug_loc)
 .debug_loc     0x00000000     0x1c94 main.o
 .debug_loc     0x00001c94     0x5263 XBee.o

.debug_macinfo
 *(.debug_macinfo)

.debug_weaknames
 *(.debug_weaknames)

.debug_funcnames
 *(.debug_funcnames)

.debug_typenames
 *(.debug_typenames)

.debug_varnames
 *(.debug_varnames)

.debug_pubtypes
 *(.debug_pubtypes)

.debug_ranges   0x00000000      0x788
 *(.debug_ranges)
 .debug_ranges  0x00000000       0xf8 main.o
 .debug_ranges  0x000000f8      0x690 XBee.o

.debug_macro
 *(.debug_macro)
OUTPUT(xbee_test.elf elf32-avr)
LOAD linker stubs
